Archive member included because of file (symbol)

c:/program files (x86)/atmel/atmel toolchain/arm gcc/native/4.8.1443/arm-gnu-toolchain/bin/../lib/gcc/arm-none-eabi/4.8.4/armv6-m\libgcc.a(_udivsi3.o)
                              src/ASF/sam0/drivers/system/clock/clock_samd21_r21_da/clock.o (__aeabi_uidiv)
c:/program files (x86)/atmel/atmel toolchain/arm gcc/native/4.8.1443/arm-gnu-toolchain/bin/../lib/gcc/arm-none-eabi/4.8.4/armv6-m\libgcc.a(_dvmd_tls.o)
                              c:/program files (x86)/atmel/atmel toolchain/arm gcc/native/4.8.1443/arm-gnu-toolchain/bin/../lib/gcc/arm-none-eabi/4.8.4/armv6-m\libgcc.a(_udivsi3.o) (__aeabi_idiv0)
c:/program files (x86)/atmel/atmel toolchain/arm gcc/native/4.8.1443/arm-gnu-toolchain/bin/../lib/gcc/arm-none-eabi/4.8.4/armv6-m\libgcc.a(_muldi3.o)
                              src/ASF/sam0/drivers/sercom/sercom.o (__aeabi_lmul)
c:/program files (x86)/atmel/atmel toolchain/arm gcc/native/4.8.1443/arm-gnu-toolchain/bin/../lib/gcc/arm-none-eabi/4.8.4/../../../../arm-none-eabi/lib/armv6-m\libc.a(lib_a-exit.o)
                              c:/program files (x86)/atmel/atmel toolchain/arm gcc/native/4.8.1443/arm-gnu-toolchain/bin/../lib/gcc/arm-none-eabi/4.8.4/../../../../arm-none-eabi/lib/armv6-m/crt0.o (exit)
c:/program files (x86)/atmel/atmel toolchain/arm gcc/native/4.8.1443/arm-gnu-toolchain/bin/../lib/gcc/arm-none-eabi/4.8.4/../../../../arm-none-eabi/lib/armv6-m\libc.a(lib_a-impure.o)
                              c:/program files (x86)/atmel/atmel toolchain/arm gcc/native/4.8.1443/arm-gnu-toolchain/bin/../lib/gcc/arm-none-eabi/4.8.4/../../../../arm-none-eabi/lib/armv6-m\libc.a(lib_a-exit.o) (_global_impure_ptr)
c:/program files (x86)/atmel/atmel toolchain/arm gcc/native/4.8.1443/arm-gnu-toolchain/bin/../lib/gcc/arm-none-eabi/4.8.4/../../../../arm-none-eabi/lib/armv6-m\libc.a(lib_a-init.o)
                              c:/program files (x86)/atmel/atmel toolchain/arm gcc/native/4.8.1443/arm-gnu-toolchain/bin/../lib/gcc/arm-none-eabi/4.8.4/../../../../arm-none-eabi/lib/armv6-m/crt0.o (__libc_init_array)
c:/program files (x86)/atmel/atmel toolchain/arm gcc/native/4.8.1443/arm-gnu-toolchain/bin/../lib/gcc/arm-none-eabi/4.8.4/../../../../arm-none-eabi/lib/armv6-m\libc.a(lib_a-memcpy-stub.o)
                              src/ASF/sam0/drivers/sercom/sercom_interrupt.o (memcpy)
c:/program files (x86)/atmel/atmel toolchain/arm gcc/native/4.8.1443/arm-gnu-toolchain/bin/../lib/gcc/arm-none-eabi/4.8.4/../../../../arm-none-eabi/lib/armv6-m\libc.a(lib_a-memset.o)
                              c:/program files (x86)/atmel/atmel toolchain/arm gcc/native/4.8.1443/arm-gnu-toolchain/bin/../lib/gcc/arm-none-eabi/4.8.4/../../../../arm-none-eabi/lib/armv6-m/crt0.o (memset)
c:/program files (x86)/atmel/atmel toolchain/arm gcc/native/4.8.1443/arm-gnu-toolchain/bin/../lib/gcc/arm-none-eabi/4.8.4/../../../../arm-none-eabi/lib/armv6-m\libc.a(lib_a-printf.o)
                              src/ASF/sam0/utils/syscalls/gcc/syscalls.o (printf)
c:/program files (x86)/atmel/atmel toolchain/arm gcc/native/4.8.1443/arm-gnu-toolchain/bin/../lib/gcc/arm-none-eabi/4.8.4/../../../../arm-none-eabi/lib/armv6-m\libc.a(lib_a-vfprintf.o)
                              c:/program files (x86)/atmel/atmel toolchain/arm gcc/native/4.8.1443/arm-gnu-toolchain/bin/../lib/gcc/arm-none-eabi/4.8.4/../../../../arm-none-eabi/lib/armv6-m\libc.a(lib_a-printf.o) (_vfprintf_r)
c:/program files (x86)/atmel/atmel toolchain/arm gcc/native/4.8.1443/arm-gnu-toolchain/bin/../lib/gcc/arm-none-eabi/4.8.4/../../../../arm-none-eabi/lib/armv6-m\libc.a(lib_a-wsetup.o)
                              c:/program files (x86)/atmel/atmel toolchain/arm gcc/native/4.8.1443/arm-gnu-toolchain/bin/../lib/gcc/arm-none-eabi/4.8.4/../../../../arm-none-eabi/lib/armv6-m\libc.a(lib_a-vfprintf.o) (__swsetup_r)
c:/program files (x86)/atmel/atmel toolchain/arm gcc/native/4.8.1443/arm-gnu-toolchain/bin/../lib/gcc/arm-none-eabi/4.8.4/../../../../arm-none-eabi/lib/armv6-m\libc.a(lib_a-__call_atexit.o)
                              c:/program files (x86)/atmel/atmel toolchain/arm gcc/native/4.8.1443/arm-gnu-toolchain/bin/../lib/gcc/arm-none-eabi/4.8.4/../../../../arm-none-eabi/lib/armv6-m\libc.a(lib_a-exit.o) (__call_exitprocs)
c:/program files (x86)/atmel/atmel toolchain/arm gcc/native/4.8.1443/arm-gnu-toolchain/bin/../lib/gcc/arm-none-eabi/4.8.4/../../../../arm-none-eabi/lib/armv6-m\libc.a(lib_a-atexit.o)
                              c:/program files (x86)/atmel/atmel toolchain/arm gcc/native/4.8.1443/arm-gnu-toolchain/bin/../lib/gcc/arm-none-eabi/4.8.4/../../../../arm-none-eabi/lib/armv6-m\libc.a(lib_a-__call_atexit.o) (atexit)
c:/program files (x86)/atmel/atmel toolchain/arm gcc/native/4.8.1443/arm-gnu-toolchain/bin/../lib/gcc/arm-none-eabi/4.8.4/../../../../arm-none-eabi/lib/armv6-m\libc.a(lib_a-dtoa.o)
[...]
Memory Configuration

Name             Origin             Length             Attributes
rom              0x00000000         0x00040000         xr
ram              0x20000000         0x00008000         xrw
*default*        0x00000000         0xffffffff

Linker script and memory map

LOAD c:/program files (x86)/atmel/atmel toolchain/arm gcc/native/4.8.1443/arm-gnu-toolchain/bin/../lib/gcc/arm-none-eabi/4.8.4/armv6-m/crti.o
LOAD c:/program files (x86)/atmel/atmel toolchain/arm gcc/native/4.8.1443/arm-gnu-toolchain/bin/../lib/gcc/arm-none-eabi/4.8.4/armv6-m/crtbegin.o
LOAD c:/program files (x86)/atmel/atmel toolchain/arm gcc/native/4.8.1443/arm-gnu-toolchain/bin/../lib/gcc/arm-none-eabi/4.8.4/../../../../arm-none-eabi/lib/armv6-m/crt0.o
LOAD BastianZPAC.o
LOAD src/ASF/sam0/drivers/sercom/sercom.o
LOAD src/ASF/sam0/drivers/sercom/sercom_interrupt.o
LOAD src/ASF/sam0/drivers/sercom/spi/spi.o
LOAD src/ASF/sam0/drivers/sercom/spi/spi_interrupt.o
LOAD src/ASF/thirdparty/freertos/freertos-8.0.1/Source/croutine.o
LOAD src/ASF/thirdparty/freertos/freertos-8.0.1/Source/event_groups.o
LOAD src/ASF/thirdparty/freertos/freertos-8.0.1/Source/list.o
LOAD src/ASF/thirdparty/freertos/freertos-8.0.1/Source/portable/GCC/ARM_CM0/port.o
LOAD src/ASF/thirdparty/freertos/freertos-8.0.1/Source/portable/MemMang/heap_2.o
LOAD src/ASF/thirdparty/freertos/freertos-8.0.1/Source/queue.o
LOAD src/ASF/thirdparty/freertos/freertos-8.0.1/Source/tasks.o
LOAD src/ASF/thirdparty/freertos/freertos-8.0.1/Source/timers.o
LOAD src/ASF/sam0/utils/cmsis/samd21/source/gcc/startup_samd21.o
LOAD src/ASF/sam0/utils/cmsis/samd21/source/system_samd21.o
LOAD src/ASF/sam0/utils/syscalls/gcc/syscalls.o
LOAD src/ASF/sam0/drivers/system/clock/clock_samd21_r21_da/clock.o
LOAD src/ASF/sam0/drivers/system/clock/clock_samd21_r21_da/gclk.o
LOAD src/ASF/sam0/drivers/system/interrupt/system_interrupt.o
LOAD src/ASF/sam0/drivers/system/system.o
LOAD src/ASF/common/utils/interrupt/interrupt_sam_nvic.o
LOAD src/ASF/sam0/drivers/port/port.o
LOAD src/ASF/sam0/drivers/system/pinmux/pinmux.o
START GROUP
LOAD ../src/ASF/thirdparty/CMSIS/Lib/GCC\libarm_cortexM0l_math.a
END GROUP
LOAD c:/program files (x86)/atmel/atmel toolchain/arm gcc/native/4.8.1443/arm-gnu-toolchain/bin/../lib/gcc/arm-none-eabi/4.8.4/../../../../arm-none-eabi/lib/armv6-m\libstdc++.a
LOAD c:/program files (x86)/atmel/atmel toolchain/arm gcc/native/4.8.1443/arm-gnu-toolchain/bin/../lib/gcc/arm-none-eabi/4.8.4/../../../../arm-none-eabi/lib/armv6-m\libm.a
START GROUP
LOAD c:/program files (x86)/atmel/atmel toolchain/arm gcc/native/4.8.1443/arm-gnu-toolchain/bin/../lib/gcc/arm-none-eabi/4.8.4/armv6-m\libgcc.a
LOAD c:/program files (x86)/atmel/atmel toolchain/arm gcc/native/4.8.1443/arm-gnu-toolchain/bin/../lib/gcc/arm-none-eabi/4.8.4/../../../../arm-none-eabi/lib/armv6-m\libc.a
END GROUP
LOAD c:/program files (x86)/atmel/atmel toolchain/arm gcc/native/4.8.1443/arm-gnu-toolchain/bin/../lib/gcc/arm-none-eabi/4.8.4/armv6-m/crtend.o
LOAD c:/program files (x86)/atmel/atmel toolchain/arm gcc/native/4.8.1443/arm-gnu-toolchain/bin/../lib/gcc/arm-none-eabi/4.8.4/armv6-m/crtn.o
                0x00002000                STACK_SIZE = DEFINED (STACK_SIZE)?STACK_SIZE:DEFINED (__stack_size__)?__stack_size__:0x2000

.text           0x00000000     0x2590
                0x00000000                . = ALIGN (0x4)
                0x00000000                _sfixed = .
 *(.vectors .vectors.*)
 .vectors       0x00000000       0xb0 src/ASF/sam0/utils/cmsis/samd21/source/gcc/startup_samd21.o
                0x00000000                exception_table
 *(.text .text.* .gnu.linkonce.t.*)
 .text          0x000000b0       0x60 c:/program files (x86)/atmel/atmel toolchain/arm gcc/native/4.8.1443/arm-gnu-toolchain/bin/../lib/gcc/arm-none-eabi/4.8.4/armv6-m/crtbegin.o
 .text._Z8tsk_busyv
                0x00000110       0x38 BastianZPAC.o
                0x00000110                tsk_busy()
 .text._Z9tsk_debugv
                0x00000148       0x38 BastianZPAC.o
                0x00000148                tsk_debug()
 .text._Z9tsk_errorv
                0x00000180       0x38 BastianZPAC.o
                0x00000180                tsk_error()
 .text.main     0x000001b8       0x98 BastianZPAC.o
                0x000001b8                main
 .text.SERCOM0_Handler
                0x00000250       0x10 src/ASF/sam0/drivers/sercom/sercom_interrupt.o
                0x00000250                SERCOM0_Handler
 .text.SERCOM1_Handler
                0x00000260       0x10 src/ASF/sam0/drivers/sercom/sercom_interrupt.o
                0x00000260                SERCOM1_Handler
 .text.SERCOM2_Handler
                0x00000270       0x10 src/ASF/sam0/drivers/sercom/sercom_interrupt.o
                0x00000270                SERCOM2_Handler
 .text.SERCOM3_Handler
                0x00000280       0x10 src/ASF/sam0/drivers/sercom/sercom_interrupt.o
                0x00000280                SERCOM3_Handler
 .text.vListInitialise
                0x00000290       0x18 src/ASF/thirdparty/freertos/freertos-8.0.1/Source/list.o
                0x00000290                vListInitialise
 .text.vListInitialiseItem
                0x000002a8        0x8 src/ASF/thirdparty/freertos/freertos-8.0.1/Source/list.o
                0x000002a8                vListInitialiseItem
 .text.vListInsertEnd
                0x000002b0       0x18 src/ASF/thirdparty/freertos/freertos-8.0.1/Source/list.o
                0x000002b0                vListInsertEnd
 .text.vListInsert
                0x000002c8       0x30 src/ASF/thirdparty/freertos/freertos-8.0.1/Source/list.o
                0x000002c8                vListInsert
 .text.uxListRemove
                0x000002f8       0x24 src/ASF/thirdparty/freertos/freertos-8.0.1/Source/list.o
                0x000002f8                uxListRemove
 .text.prvTaskExitError
                0x0000031c       0x14 src/ASF/thirdparty/freertos/freertos-8.0.1/Source/portable/GCC/ARM_CM0/port.o
 .text.vPortStartFirstTask
                0x00000330       0x20 src/ASF/thirdparty/freertos/freertos-8.0.1/Source/portable/GCC/ARM_CM0/port.o
 .text.pxPortInitialiseStack
                0x00000350       0x20 src/ASF/thirdparty/freertos/freertos-8.0.1/Source/portable/GCC/ARM_CM0/port.o
                0x00000350                pxPortInitialiseStack
 .text.SVC_Handler
                0x00000370        0x4 src/ASF/thirdparty/freertos/freertos-8.0.1/Source/portable/GCC/ARM_CM0/port.o
                0x00000370                SVC_Handler
 .text.vPortYield
                0x00000374       0x18 src/ASF/thirdparty/freertos/freertos-8.0.1/Source/portable/GCC/ARM_CM0/port.o
                0x00000374                vPortYield
 .text.vPortEnterCritical
                0x0000038c       0x18 src/ASF/thirdparty/freertos/freertos-8.0.1/Source/portable/GCC/ARM_CM0/port.o
                0x0000038c                vPortEnterCritical
 .text.vPortExitCritical
                0x000003a4       0x20 src/ASF/thirdparty/freertos/freertos-8.0.1/Source/portable/GCC/ARM_CM0/port.o
                0x000003a4                vPortExitCritical
 .text.ulSetInterruptMaskFromISR
                0x000003c4        0xc src/ASF/thirdparty/freertos/freertos-8.0.1/Source/portable/GCC/ARM_CM0/port.o
                0x000003c4                ulSetInterruptMaskFromISR
 .text.vClearInterruptMaskFromISR
                0x000003d0        0x8 src/ASF/thirdparty/freertos/freertos-8.0.1/Source/portable/GCC/ARM_CM0/port.o
                0x000003d0                vClearInterruptMaskFromISR
 .text.PendSV_Handler
                0x000003d8       0x44 src/ASF/thirdparty/freertos/freertos-8.0.1/Source/portable/GCC/ARM_CM0/port.o
                0x000003d8                PendSV_Handler
 .text.SysTick_Handler
                0x0000041c       0x30 src/ASF/thirdparty/freertos/freertos-8.0.1/Source/portable/GCC/ARM_CM0/port.o
                0x0000041c                SysTick_Handler
 .text.vPortSetupTimerInterrupt
                0x0000044c       0x24 src/ASF/thirdparty/freertos/freertos-8.0.1/Source/portable/GCC/ARM_CM0/port.o
                0x0000044c                vPortSetupTimerInterrupt
 .text.xPortStartScheduler
                0x00000470       0x40 src/ASF/thirdparty/freertos/freertos-8.0.1/Source/portable/GCC/ARM_CM0/port.o
                0x00000470                xPortStartScheduler
 .text.pvPortMalloc
                0x000004b0       0xcc src/ASF/thirdparty/freertos/freertos-8.0.1/Source/portable/MemMang/heap_2.o
                0x000004b0                pvPortMalloc
 .text.vPortFree
                0x0000057c       0x44 src/ASF/thirdparty/freertos/freertos-8.0.1/Source/portable/MemMang/heap_2.o
                0x0000057c                vPortFree
 .text.prvCopyDataToQueue
                0x000005c0       0x78 src/ASF/thirdparty/freertos/freertos-8.0.1/Source/queue.o
 .text.prvNotifyQueueSetContainer
                0x00000638       0x50 src/ASF/thirdparty/freertos/freertos-8.0.1/Source/queue.o
 .text.prvCopyDataFromQueue
                0x00000688       0x28 src/ASF/thirdparty/freertos/freertos-8.0.1/Source/queue.o
 .text.prvUnlockQueue
                0x000006b0       0xa8 src/ASF/thirdparty/freertos/freertos-8.0.1/Source/queue.o
 .text.xQueueGenericReset
                0x00000758       0x78 src/ASF/thirdparty/freertos/freertos-8.0.1/Source/queue.o
                0x00000758                xQueueGenericReset
 .text.xQueueGenericCreate
                0x000007d0       0x54 src/ASF/thirdparty/freertos/freertos-8.0.1/Source/queue.o
                0x000007d0                xQueueGenericCreate
 .text.xQueueGenericSend
                0x00000824      0x174 src/ASF/thirdparty/freertos/freertos-8.0.1/Source/queue.o
                0x00000824                xQueueGenericSend
 .text.xQueueGenericSendFromISR
                0x00000998       0xd0 src/ASF/thirdparty/freertos/freertos-8.0.1/Source/queue.o
                0x00000998                xQueueGenericSendFromISR
 .text.xQueueGenericReceive
                0x00000a68      0x18c src/ASF/thirdparty/freertos/freertos-8.0.1/Source/queue.o
                0x00000a68                xQueueGenericReceive
 .text.vQueueWaitForMessageRestricted
                0x00000bf4       0x4c src/ASF/thirdparty/freertos/freertos-8.0.1/Source/queue.o
                0x00000bf4                vQueueWaitForMessageRestricted
 .text.prvResetNextTaskUnblockTime
                0x00000c40       0x2c src/ASF/thirdparty/freertos/freertos-8.0.1/Source/tasks.o
 .text.prvAddCurrentTaskToDelayedList
                0x00000c6c       0x44 src/ASF/thirdparty/freertos/freertos-8.0.1/Source/tasks.o
 .text.xTaskGenericCreate
                0x00000cb0      0x1d4 src/ASF/thirdparty/freertos/freertos-8.0.1/Source/tasks.o
                0x00000cb0                xTaskGenericCreate
 .text.vTaskStartScheduler
                0x00000e84       0x60 src/ASF/thirdparty/freertos/freertos-8.0.1/Source/tasks.o
                0x00000e84                vTaskStartScheduler
 .text.vTaskSuspendAll
                0x00000ee4       0x10 src/ASF/thirdparty/freertos/freertos-8.0.1/Source/tasks.o
                0x00000ee4                vTaskSuspendAll
 .text.xTaskGetTickCount
                0x00000ef4       0x20 src/ASF/thirdparty/freertos/freertos-8.0.1/Source/tasks.o
                0x00000ef4                xTaskGetTickCount
 .text.xTaskIncrementTick
                0x00000f14      0x110 src/ASF/thirdparty/freertos/freertos-8.0.1/Source/tasks.o
                0x00000f14                xTaskIncrementTick
 .text.xTaskResumeAll
                0x00001024       0xe8 src/ASF/thirdparty/freertos/freertos-8.0.1/Source/tasks.o
                0x00001024                xTaskResumeAll
 .text.vTaskDelay
                0x0000110c       0x54 src/ASF/thirdparty/freertos/freertos-8.0.1/Source/tasks.o
                0x0000110c                vTaskDelay
 .text.prvIdleTask
                0x00001160       0x7c src/ASF/thirdparty/freertos/freertos-8.0.1/Source/tasks.o
 .text.vTaskSwitchContext
                0x000011dc       0x90 src/ASF/thirdparty/freertos/freertos-8.0.1/Source/tasks.o
                0x000011dc                vTaskSwitchContext
 .text.vTaskPlaceOnEventList
                0x0000126c       0x50 src/ASF/thirdparty/freertos/freertos-8.0.1/Source/tasks.o
                0x0000126c                vTaskPlaceOnEventList
 .text.vTaskPlaceOnEventListRestricted
                0x000012bc       0x38 src/ASF/thirdparty/freertos/freertos-8.0.1/Source/tasks.o
                0x000012bc                vTaskPlaceOnEventListRestricted
 .text.xTaskRemoveFromEventList
                0x000012f4       0x7c src/ASF/thirdparty/freertos/freertos-8.0.1/Source/tasks.o
                0x000012f4                xTaskRemoveFromEventList
 .text.vTaskSetTimeOutState
                0x00001370       0x20 src/ASF/thirdparty/freertos/freertos-8.0.1/Source/tasks.o
                0x00001370                vTaskSetTimeOutState
 .text.xTaskCheckForTimeOut
                0x00001390       0x70 src/ASF/thirdparty/freertos/freertos-8.0.1/Source/tasks.o
                0x00001390                xTaskCheckForTimeOut
 .text.vTaskMissedYield
                0x00001400        0xc src/ASF/thirdparty/freertos/freertos-8.0.1/Source/tasks.o
                0x00001400                vTaskMissedYield
 .text.xTaskGetCurrentTaskHandle
                0x0000140c        0xc src/ASF/thirdparty/freertos/freertos-8.0.1/Source/tasks.o
                0x0000140c                xTaskGetCurrentTaskHandle
 .text.xTaskGetSchedulerState
                0x00001418       0x1c src/ASF/thirdparty/freertos/freertos-8.0.1/Source/tasks.o
                0x00001418                xTaskGetSchedulerState
 .text.vTaskPriorityInherit
                0x00001434       0x80 src/ASF/thirdparty/freertos/freertos-8.0.1/Source/tasks.o
                0x00001434                vTaskPriorityInherit
 .text.vTaskPriorityDisinherit
                0x000014b4       0x58 src/ASF/thirdparty/freertos/freertos-8.0.1/Source/tasks.o
                0x000014b4                vTaskPriorityDisinherit
 .text.prvInsertTimerInActiveList
                0x0000150c       0x44 src/ASF/thirdparty/freertos/freertos-8.0.1/Source/timers.o
 .text.prvCheckForValidListAndQueue
                0x00001550       0x58 src/ASF/thirdparty/freertos/freertos-8.0.1/Source/timers.o
 .text.xTimerCreateTimerTask
                0x000015a8       0x48 src/ASF/thirdparty/freertos/freertos-8.0.1/Source/timers.o
                0x000015a8                xTimerCreateTimerTask
 .text.xTimerGenericCommand
                0x000015f0       0x64 src/ASF/thirdparty/freertos/freertos-8.0.1/Source/timers.o
                0x000015f0                xTimerGenericCommand
 .text.prvSampleTimeNow
                0x00001654       0xb4 src/ASF/thirdparty/freertos/freertos-8.0.1/Source/timers.o
 .text.prvTimerTask
                0x00001708      0x174 src/ASF/thirdparty/freertos/freertos-8.0.1/Source/timers.o
 .text.Dummy_Handler
                0x0000187c        0x4 src/ASF/sam0/utils/cmsis/samd21/source/gcc/startup_samd21.o
                0x0000187c                DMAC_Handler
                0x0000187c                HardFault_Handler
                0x0000187c                AC_Handler
                0x0000187c                NMI_Handler
                0x0000187c                ADC_Handler
                0x0000187c                TCC1_Handler
                0x0000187c                TCC0_Handler
                0x0000187c                RTC_Handler
                0x0000187c                EIC_Handler
                0x0000187c                WDT_Handler
                0x0000187c                TC4_Handler
                0x0000187c                USB_Handler
                0x0000187c                TC3_Handler
                0x0000187c                Dummy_Handler
                0x0000187c                PM_Handler
                0x0000187c                TCC2_Handler
                0x0000187c                EVSYS_Handler
                0x0000187c                I2S_Handler
                0x0000187c                NVMCTRL_Handler
                0x0000187c                DAC_Handler
                0x0000187c                PTC_Handler
                0x0000187c                TC5_Handler
                0x0000187c                SYSCTRL_Handler
 .text.Reset_Handler
                0x00001880       0xec src/ASF/sam0/utils/cmsis/samd21/source/gcc/startup_samd21.o
                0x00001880                Reset_Handler
 .text.system_clock_source_get_hz
                0x0000196c       0x90 src/ASF/sam0/drivers/system/clock/clock_samd21_r21_da/clock.o
                0x0000196c                system_clock_source_get_hz
 .text.system_clock_source_osc8m_set_config
                0x000019fc       0x3c src/ASF/sam0/drivers/system/clock/clock_samd21_r21_da/clock.o
                0x000019fc                system_clock_source_osc8m_set_config
 .text.system_clock_source_xosc32k_set_config
                0x00001a38       0xb4 src/ASF/sam0/drivers/system/clock/clock_samd21_r21_da/clock.o
                0x00001a38                system_clock_source_xosc32k_set_config
 .text.system_clock_source_dpll_set_config
                0x00001aec       0xa0 src/ASF/sam0/drivers/system/clock/clock_samd21_r21_da/clock.o
                0x00001aec                system_clock_source_dpll_set_config
 .text.system_clock_source_enable
                0x00001b8c       0xa8 src/ASF/sam0/drivers/system/clock/clock_samd21_r21_da/clock.o
                0x00001b8c                system_clock_source_enable
 .text.system_clock_source_disable
                0x00001c34       0x7c src/ASF/sam0/drivers/system/clock/clock_samd21_r21_da/clock.o
                0x00001c34                system_clock_source_disable
 .text.system_clock_source_is_ready
                0x00001cb0       0x54 src/ASF/sam0/drivers/system/clock/clock_samd21_r21_da/clock.o
                0x00001cb0                system_clock_source_is_ready
 .text.system_clock_init
                0x00001d04      0x144 src/ASF/sam0/drivers/system/clock/clock_samd21_r21_da/clock.o
                0x00001d04                system_clock_init
 .text.system_gclk_init
                0x00001e48       0x24 src/ASF/sam0/drivers/system/clock/clock_samd21_r21_da/gclk.o
                0x00001e48                system_gclk_init
 .text.system_gclk_gen_set_config
                0x00001e6c       0xb4 src/ASF/sam0/drivers/system/clock/clock_samd21_r21_da/gclk.o
                0x00001e6c                system_gclk_gen_set_config
 .text.system_gclk_gen_enable
                0x00001f20       0x44 src/ASF/sam0/drivers/system/clock/clock_samd21_r21_da/gclk.o
                0x00001f20                system_gclk_gen_enable
 .text.system_gclk_gen_get_hz
                0x00001f64       0x8c src/ASF/sam0/drivers/system/clock/clock_samd21_r21_da/gclk.o
                0x00001f64                system_gclk_gen_get_hz
 .text.system_gclk_chan_disable
                0x00001ff0       0x5c src/ASF/sam0/drivers/system/clock/clock_samd21_r21_da/gclk.o
                0x00001ff0                system_gclk_chan_disable
 .text.system_gclk_chan_set_config
                0x0000204c       0x1c src/ASF/sam0/drivers/system/clock/clock_samd21_r21_da/gclk.o
                0x0000204c                system_gclk_chan_set_config
 .text.system_gclk_chan_get_hz
                0x00002068       0x34 src/ASF/sam0/drivers/system/clock/clock_samd21_r21_da/gclk.o
                0x00002068                system_gclk_chan_get_hz
 .text._system_dummy_init
                0x0000209c        0x4 src/ASF/sam0/drivers/system/system.o
                0x0000209c                _system_extint_init
                0x0000209c                system_board_init
                0x0000209c                _system_events_init
                0x0000209c                _system_dummy_init
                0x0000209c                _system_divas_init
 .text.system_init
                0x000020a0       0x2c src/ASF/sam0/drivers/system/system.o
                0x000020a0                system_init
 .text.cpu_irq_enter_critical
                0x000020cc       0x3c src/ASF/common/utils/interrupt/interrupt_sam_nvic.o
                0x000020cc                cpu_irq_enter_critical
 .text.cpu_irq_leave_critical
                0x00002108       0x2c src/ASF/common/utils/interrupt/interrupt_sam_nvic.o
                0x00002108                cpu_irq_leave_critical
 .text.port_pin_set_config
                0x00002134       0x24 src/ASF/sam0/drivers/port/port.o
                0x00002134                port_pin_set_config
 .text._system_pinmux_config
                0x00002158       0x8c src/ASF/sam0/drivers/system/pinmux/pinmux.o
 .text.system_pinmux_pin_set_config
                0x000021e4       0x2c src/ASF/sam0/drivers/system/pinmux/pinmux.o
                0x000021e4                system_pinmux_pin_set_config
 .text          0x00002210       0x9c c:/program files (x86)/atmel/atmel toolchain/arm gcc/native/4.8.1443/arm-gnu-toolchain/bin/../lib/gcc/arm-none-eabi/4.8.4/armv6-m\libgcc.a(_udivsi3.o)
                0x00002210                __aeabi_uidiv
                0x00002210                __udivsi3
                0x00002298                __aeabi_uidivmod
 .text          0x000022ac        0x4 c:/program files (x86)/atmel/atmel toolchain/arm gcc/native/4.8.1443/arm-gnu-toolchain/bin/../lib/gcc/arm-none-eabi/4.8.4/armv6-m\libgcc.a(_dvmd_tls.o)
                0x000022ac                __aeabi_idiv0
                0x000022ac                __aeabi_ldiv0
 .text.__libc_init_array
                0x000022b0       0x48 c:/program files (x86)/atmel/atmel toolchain/arm gcc/native/4.8.1443/arm-gnu-toolchain/bin/../lib/gcc/arm-none-eabi/4.8.4/../../../../arm-none-eabi/lib/armv6-m\libc.a(lib_a-init.o)
                0x000022b0                __libc_init_array
 .text.memcpy   0x000022f8       0x84 c:/program files (x86)/atmel/atmel toolchain/arm gcc/native/4.8.1443/arm-gnu-toolchain/bin/../lib/gcc/arm-none-eabi/4.8.4/../../../../arm-none-eabi/lib/armv6-m\libc.a(lib_a-memcpy-stub.o)
                0x000022f8                memcpy
 .text.startup.register_fini
                0x0000237c       0x18 c:/program files (x86)/atmel/atmel toolchain/arm gcc/native/4.8.1443/arm-gnu-toolchain/bin/../lib/gcc/arm-none-eabi/4.8.4/../../../../arm-none-eabi/lib/armv6-m\libc.a(lib_a-__call_atexit.o)
 .text.atexit   0x00002394       0x10 c:/program files (x86)/atmel/atmel toolchain/arm gcc/native/4.8.1443/arm-gnu-toolchain/bin/../lib/gcc/arm-none-eabi/4.8.4/../../../../arm-none-eabi/lib/armv6-m\libc.a(lib_a-atexit.o)
                0x00002394                atexit
 .text.__libc_fini_array
                0x000023a4       0x30 c:/program files (x86)/atmel/atmel toolchain/arm gcc/native/4.8.1443/arm-gnu-toolchain/bin/../lib/gcc/arm-none-eabi/4.8.4/../../../../arm-none-eabi/lib/armv6-m\libc.a(lib_a-fini.o)
                0x000023a4                __libc_fini_array
 .text.__register_exitproc
                0x000023d4       0xc0 c:/program files (x86)/atmel/atmel toolchain/arm gcc/native/4.8.1443/arm-gnu-toolchain/bin/../lib/gcc/arm-none-eabi/4.8.4/../../../../arm-none-eabi/lib/armv6-m\libc.a(lib_a-__atexit.o)
                0x000023d4                __register_exitproc
 *(.glue_7t)
 .glue_7t       0x00000000        0x0 linker stubs
 *(.glue_7)
 .glue_7        0x00000000        0x0 linker stubs
 *(.rodata .rodata* .gnu.linkonce.r.*)
 .rodata.str1.4
                0x00002494        0x5 BastianZPAC.o
                                  0x8 (size before relaxing)
 *fill*         0x00002499        0x3 
 .rodata.str1.4
                0x0000249c        0x5 src/ASF/thirdparty/freertos/freertos-8.0.1/Source/tasks.o
                                  0x8 (size before relaxing)
 *fill*         0x000024a1        0x3 
 .rodata        0x000024a4       0x28 src/ASF/thirdparty/freertos/freertos-8.0.1/Source/timers.o
 .rodata.str1.4
                0x000024cc        0x8 src/ASF/thirdparty/freertos/freertos-8.0.1/Source/timers.o
 .rodata        0x000024d4       0x90 src/ASF/sam0/drivers/system/clock/clock_samd21_r21_da/clock.o
 .rodata.str1.4
                0x00002564        0x4 c:/program files (x86)/atmel/atmel toolchain/arm gcc/native/4.8.1443/arm-gnu-toolchain/bin/../lib/gcc/arm-none-eabi/4.8.4/../../../../arm-none-eabi/lib/armv6-m\libc.a(lib_a-impure.o)
 .rodata._global_impure_ptr
                0x00002568        0x4 c:/program files (x86)/atmel/atmel toolchain/arm gcc/native/4.8.1443/arm-gnu-toolchain/bin/../lib/gcc/arm-none-eabi/4.8.4/../../../../arm-none-eabi/lib/armv6-m\libc.a(lib_a-impure.o)
                0x00002568                _global_impure_ptr
 *(.ARM.extab* .gnu.linkonce.armextab.*)
                0x0000256c                . = ALIGN (0x4)
 *(.init)
 .init          0x0000256c        0x4 c:/program files (x86)/atmel/atmel toolchain/arm gcc/native/4.8.1443/arm-gnu-toolchain/bin/../lib/gcc/arm-none-eabi/4.8.4/armv6-m/crti.o
                0x0000256c                _init
 .init          0x00002570        0x8 c:/program files (x86)/atmel/atmel toolchain/arm gcc/native/4.8.1443/arm-gnu-toolchain/bin/../lib/gcc/arm-none-eabi/4.8.4/armv6-m/crtn.o
                0x00002578                . = ALIGN (0x4)
                0x00002578                __preinit_array_start = .
 *(.preinit_array)
                0x00002578                __preinit_array_end = .
                0x00002578                . = ALIGN (0x4)
                0x00002578                __init_array_start = .
 *(SORT(.init_array.*))
 .init_array.00000
                0x00002578        0x4 c:/program files (x86)/atmel/atmel toolchain/arm gcc/native/4.8.1443/arm-gnu-toolchain/bin/../lib/gcc/arm-none-eabi/4.8.4/../../../../arm-none-eabi/lib/armv6-m\libc.a(lib_a-__call_atexit.o)
 *(.init_array)
 .init_array    0x0000257c        0x4 c:/program files (x86)/atmel/atmel toolchain/arm gcc/native/4.8.1443/arm-gnu-toolchain/bin/../lib/gcc/arm-none-eabi/4.8.4/armv6-m/crtbegin.o
                0x00002580                __init_array_end = .
                0x00002580                . = ALIGN (0x4)
 *crtbegin.o(.ctors)
 *(EXCLUDE_FILE(*crtend.o) .ctors)
 *(SORT(.ctors.*))
 *crtend.o(.ctors)
                0x00002580                . = ALIGN (0x4)
 *(.fini)
 .fini          0x00002580        0x4 c:/program files (x86)/atmel/atmel toolchain/arm gcc/native/4.8.1443/arm-gnu-toolchain/bin/../lib/gcc/arm-none-eabi/4.8.4/armv6-m/crti.o
                0x00002580                _fini
 .fini          0x00002584        0x8 c:/program files (x86)/atmel/atmel toolchain/arm gcc/native/4.8.1443/arm-gnu-toolchain/bin/../lib/gcc/arm-none-eabi/4.8.4/armv6-m/crtn.o
                0x0000258c                . = ALIGN (0x4)
                0x0000258c                __fini_array_start = .
 *(.fini_array)
 .fini_array    0x0000258c        0x4 c:/program files (x86)/atmel/atmel toolchain/arm gcc/native/4.8.1443/arm-gnu-toolchain/bin/../lib/gcc/arm-none-eabi/4.8.4/armv6-m/crtbegin.o
 *(SORT(.fini_array.*))
                0x00002590                __fini_array_end = .
 *crtbegin.o(.dtors)
 *(EXCLUDE_FILE(*crtend.o) .dtors)
 *(SORT(.dtors.*))
 *crtend.o(.dtors)
                0x00002590                . = ALIGN (0x4)
                0x00002590                _efixed = .
                0x00002590                PROVIDE (__exidx_start, .)

.vfp11_veneer   0x00002590        0x0
 .vfp11_veneer  0x00000000        0x0 linker stubs

.v4_bx          0x00002590        0x0
 .v4_bx         0x00000000        0x0 linker stubs

.iplt           0x00002590        0x0
 .iplt          0x00000000        0x0 c:/program files (x86)/atmel/atmel toolchain/arm gcc/native/4.8.1443/arm-gnu-toolchain/bin/../lib/gcc/arm-none-eabi/4.8.4/armv6-m/crtbegin.o

.eh_frame       0x00002590        0x0
 .eh_frame      0x00002590        0x0 c:/program files (x86)/atmel/atmel toolchain/arm gcc/native/4.8.1443/arm-gnu-toolchain/bin/../lib/gcc/arm-none-eabi/4.8.4/armv6-m/crtbegin.o

.rel.dyn        0x00002590        0x0
 .rel.iplt      0x00000000        0x0 c:/program files (x86)/atmel/atmel toolchain/arm gcc/native/4.8.1443/arm-gnu-toolchain/bin/../lib/gcc/arm-none-eabi/4.8.4/armv6-m/crtbegin.o

.jcr            0x00002590        0x0
 .jcr           0x00002590        0x0 c:/program files (x86)/atmel/atmel toolchain/arm gcc/native/4.8.1443/arm-gnu-toolchain/bin/../lib/gcc/arm-none-eabi/4.8.4/armv6-m/crtbegin.o

.igot.plt       0x00002590        0x0
 .igot.plt      0x00000000        0x0 c:/program files (x86)/atmel/atmel toolchain/arm gcc/native/4.8.1443/arm-gnu-toolchain/bin/../lib/gcc/arm-none-eabi/4.8.4/armv6-m/crtbegin.o

.ARM.exidx
 *(.ARM.exidx* .gnu.linkonce.armexidx.*)
                0x00002590                PROVIDE (__exidx_end, .)
                0x00002590                . = ALIGN (0x4)
                0x00002590                _etext = .

.relocate       0x20000000      0x438 load address 0x00002590
                0x20000000                . = ALIGN (0x4)
                0x20000000                _srelocate = .
 *(.ramfunc .ramfunc.*)
 *(.data .data.*)
 .data          0x20000000        0x4 src/ASF/thirdparty/freertos/freertos-8.0.1/Source/portable/GCC/ARM_CM0/port.o
 .data          0x20000004        0x4 src/ASF/thirdparty/freertos/freertos-8.0.1/Source/portable/MemMang/heap_2.o
 .data          0x20000008        0x4 src/ASF/thirdparty/freertos/freertos-8.0.1/Source/tasks.o
 .data          0x2000000c        0x1 src/ASF/common/utils/interrupt/interrupt_sam_nvic.o
                0x2000000c                g_interrupt_enabled
 *fill*         0x2000000d        0x3 
 .data.impure_data
                0x20000010      0x428 c:/program files (x86)/atmel/atmel toolchain/arm gcc/native/4.8.1443/arm-gnu-toolchain/bin/../lib/gcc/arm-none-eabi/4.8.4/../../../../arm-none-eabi/lib/armv6-m\libc.a(lib_a-impure.o)
                0x20000438                . = ALIGN (0x4)
                0x20000438                _erelocate = .

.bss            0x20000438     0x11a8 load address 0x000029c8
                0x20000438                . = ALIGN (0x4)
                0x20000438                _sbss = .
                0x20000438                _szero = .
 *(.bss .bss.*)
 .bss           0x20000438       0x1c c:/program files (x86)/atmel/atmel toolchain/arm gcc/native/4.8.1443/arm-gnu-toolchain/bin/../lib/gcc/arm-none-eabi/4.8.4/armv6-m/crtbegin.o
 .bss           0x20000454       0x1c src/ASF/sam0/drivers/sercom/sercom_interrupt.o
 .bss           0x20000470     0x1014 src/ASF/thirdparty/freertos/freertos-8.0.1/Source/portable/MemMang/heap_2.o
 .bss           0x20001484       0xfc src/ASF/thirdparty/freertos/freertos-8.0.1/Source/tasks.o
                0x200014b0                pxCurrentTCB
 .bss           0x20001580       0x38 src/ASF/thirdparty/freertos/freertos-8.0.1/Source/timers.o
 .bss           0x200015b8       0x20 src/ASF/sam0/drivers/system/clock/clock_samd21_r21_da/clock.o
 .bss           0x200015d8        0x8 src/ASF/common/utils/interrupt/interrupt_sam_nvic.o
 *(COMMON)
                0x200015e0                . = ALIGN (0x4)
                0x200015e0                _ebss = .
                0x200015e0                _ezero = .

.stack          0x200015e0     0x2000 load address 0x00003b70
                0x200015e0                . = ALIGN (0x8)
                0x200015e0                _sstack = .
                0x200035e0                . = (. + STACK_SIZE)
 *fill*         0x200015e0     0x2000 
                0x200035e0                . = ALIGN (0x8)
                0x200035e0                _estack = .
                0x200035e0                . = ALIGN (0x4)
                0x200035e0                _end = .
OUTPUT(BastianZPAC.elf elf32-littlearm)

.ARM.attributes
                0x00000000       0x28
 .ARM.attributes
                0x00000000       0x1e c:/program files (x86)/atmel/atmel toolchain/arm gcc/native/4.8.1443/arm-gnu-toolchain/bin/../lib/gcc/arm-none-eabi/4.8.4/armv6-m/crti.o
 .ARM.attributes
                0x0000001e       0x2c c:/program files (x86)/atmel/atmel toolchain/arm gcc/native/4.8.1443/arm-gnu-toolchain/bin/../lib/gcc/arm-none-eabi/4.8.4/armv6-m/crtbegin.o
 .ARM.attributes
                0x0000004a       0x32 BastianZPAC.o
 .ARM.attributes
                0x0000007c       0x32 src/ASF/sam0/drivers/sercom/sercom_interrupt.o
 .ARM.attributes
                0x000000ae       0x32 src/ASF/thirdparty/freertos/freertos-8.0.1/Source/list.o
 .ARM.attributes
                0x000000e0       0x32 src/ASF/thirdparty/freertos/freertos-8.0.1/Source/portable/GCC/ARM_CM0/port.o
 .ARM.attributes
                0x00000112       0x32 src/ASF/thirdparty/freertos/freertos-8.0.1/Source/portable/MemMang/heap_2.o
 .ARM.attributes
                0x00000144       0x32 src/ASF/thirdparty/freertos/freertos-8.0.1/Source/queue.o
 .ARM.attributes
                0x00000176       0x32 src/ASF/thirdparty/freertos/freertos-8.0.1/Source/tasks.o
 .ARM.attributes
                0x000001a8       0x32 src/ASF/thirdparty/freertos/freertos-8.0.1/Source/timers.o
 .ARM.attributes
                0x000001da       0x32 src/ASF/sam0/utils/cmsis/samd21/source/gcc/startup_samd21.o
 .ARM.attributes
                0x0000020c       0x32 src/ASF/sam0/drivers/system/clock/clock_samd21_r21_da/clock.o
 .ARM.attributes
                0x0000023e       0x32 src/ASF/sam0/drivers/system/clock/clock_samd21_r21_da/gclk.o
 .ARM.attributes
                0x00000270       0x32 src/ASF/sam0/drivers/system/system.o
 .ARM.attributes
                0x000002a2       0x32 src/ASF/common/utils/interrupt/interrupt_sam_nvic.o
 .ARM.attributes
                0x000002d4       0x32 src/ASF/sam0/drivers/port/port.o
 .ARM.attributes
                0x00000306       0x32 src/ASF/sam0/drivers/system/pinmux/pinmux.o
 .ARM.attributes
                0x00000338       0x1e c:/program files (x86)/atmel/atmel toolchain/arm gcc/native/4.8.1443/arm-gnu-toolchain/bin/../lib/gcc/arm-none-eabi/4.8.4/armv6-m\libgcc.a(_udivsi3.o)
 .ARM.attributes
                0x00000356       0x1e c:/program files (x86)/atmel/atmel toolchain/arm gcc/native/4.8.1443/arm-gnu-toolchain/bin/../lib/gcc/arm-none-eabi/4.8.4/armv6-m\libgcc.a(_dvmd_tls.o)
 .ARM.attributes
                0x00000374       0x2c c:/program files (x86)/atmel/atmel toolchain/arm gcc/native/4.8.1443/arm-gnu-toolchain/bin/../lib/gcc/arm-none-eabi/4.8.4/../../../../arm-none-eabi/lib/armv6-m\libc.a(lib_a-impure.o)
 .ARM.attributes
                0x000003a0       0x2c c:/program files (x86)/atmel/atmel toolchain/arm gcc/native/4.8.1443/arm-gnu-toolchain/bin/../lib/gcc/arm-none-eabi/4.8.4/../../../../arm-none-eabi/lib/armv6-m\libc.a(lib_a-init.o)
 .ARM.attributes
                0x000003cc       0x2c c:/program files (x86)/atmel/atmel toolchain/arm gcc/native/4.8.1443/arm-gnu-toolchain/bin/../lib/gcc/arm-none-eabi/4.8.4/../../../../arm-none-eabi/lib/armv6-m\libc.a(lib_a-memcpy-stub.o)
 .ARM.attributes
                0x000003f8       0x2c c:/program files (x86)/atmel/atmel toolchain/arm gcc/native/4.8.1443/arm-gnu-toolchain/bin/../lib/gcc/arm-none-eabi/4.8.4/../../../../arm-none-eabi/lib/armv6-m\libc.a(lib_a-__call_atexit.o)
 .ARM.attributes
                0x00000424       0x2c c:/program files (x86)/atmel/atmel toolchain/arm gcc/native/4.8.1443/arm-gnu-toolchain/bin/../lib/gcc/arm-none-eabi/4.8.4/../../../../arm-none-eabi/lib/armv6-m\libc.a(lib_a-atexit.o)
 .ARM.attributes
                0x00000450       0x2c c:/program files (x86)/atmel/atmel toolchain/arm gcc/native/4.8.1443/arm-gnu-toolchain/bin/../lib/gcc/arm-none-eabi/4.8.4/../../../../arm-none-eabi/lib/armv6-m\libc.a(lib_a-fini.o)
 .ARM.attributes
                0x0000047c       0x2c c:/program files (x86)/atmel/atmel toolchain/arm gcc/native/4.8.1443/arm-gnu-toolchain/bin/../lib/gcc/arm-none-eabi/4.8.4/../../../../arm-none-eabi/lib/armv6-m\libc.a(lib_a-__atexit.o)
 .ARM.attributes
                0x000004a8       0x1e c:/program files (x86)/atmel/atmel toolchain/arm gcc/native/4.8.1443/arm-gnu-toolchain/bin/../lib/gcc/arm-none-eabi/4.8.4/armv6-m/crtn.o

.comment        0x00000000       0x5b
 .comment       0x00000000       0x5b BastianZPAC.o
                                 0x5c (size before relaxing)
 .comment       0x00000000       0x5c src/ASF/sam0/drivers/sercom/sercom_interrupt.o
 .comment       0x00000000       0x5c src/ASF/thirdparty/freertos/freertos-8.0.1/Source/list.o
 .comment       0x00000000       0x5c src/ASF/thirdparty/freertos/freertos-8.0.1/Source/portable/GCC/ARM_CM0/port.o
 .comment       0x00000000       0x5c src/ASF/thirdparty/freertos/freertos-8.0.1/Source/portable/MemMang/heap_2.o
 .comment       0x00000000       0x5c src/ASF/thirdparty/freertos/freertos-8.0.1/Source/queue.o
 .comment       0x00000000       0x5c src/ASF/thirdparty/freertos/freertos-8.0.1/Source/tasks.o
 .comment       0x00000000       0x5c src/ASF/thirdparty/freertos/freertos-8.0.1/Source/timers.o
 .comment       0x00000000       0x5c src/ASF/sam0/utils/cmsis/samd21/source/gcc/startup_samd21.o
 .comment       0x00000000       0x5c src/ASF/sam0/drivers/system/clock/clock_samd21_r21_da/clock.o
 .comment       0x00000000       0x5c src/ASF/sam0/drivers/system/clock/clock_samd21_r21_da/gclk.o
 .comment       0x00000000       0x5c src/ASF/sam0/drivers/system/system.o
 .comment       0x00000000       0x5c src/ASF/common/utils/interrupt/interrupt_sam_nvic.o
 .comment       0x00000000       0x5c src/ASF/sam0/drivers/port/port.o
 .comment       0x00000000       0x5c src/ASF/sam0/drivers/system/pinmux/pinmux.o

.debug_info     0x00000000    0x10506
 .debug_info    0x00000000      0xe19 BastianZPAC.o
 .debug_info    0x00000e19     0x22bd src/ASF/sam0/drivers/sercom/sercom_interrupt.o
 .debug_info    0x000030d6      0x2cd src/ASF/thirdparty/freertos/freertos-8.0.1/Source/list.o
 .debug_info    0x000033a3      0x2d2 src/ASF/thirdparty/freertos/freertos-8.0.1/Source/portable/GCC/ARM_CM0/port.o
 .debug_info    0x00003675      0x33d src/ASF/thirdparty/freertos/freertos-8.0.1/Source/portable/MemMang/heap_2.o
 .debug_info    0x000039b2     0x12fc src/ASF/thirdparty/freertos/freertos-8.0.1/Source/queue.o
 .debug_info    0x00004cae     0x15f0 src/ASF/thirdparty/freertos/freertos-8.0.1/Source/tasks.o
 .debug_info    0x0000629e      0xc1c src/ASF/thirdparty/freertos/freertos-8.0.1/Source/timers.o
 .debug_info    0x00006eba     0x3a72 src/ASF/sam0/utils/cmsis/samd21/source/gcc/startup_samd21.o
 .debug_info    0x0000a92c     0x2f74 src/ASF/sam0/drivers/system/clock/clock_samd21_r21_da/clock.o
 .debug_info    0x0000d8a0     0x1553 src/ASF/sam0/drivers/system/clock/clock_samd21_r21_da/gclk.o
 .debug_info    0x0000edf3      0x17a src/ASF/sam0/drivers/system/system.o
 .debug_info    0x0000ef6d      0x1ec src/ASF/common/utils/interrupt/interrupt_sam_nvic.o
 .debug_info    0x0000f159      0x966 src/ASF/sam0/drivers/port/port.o
 .debug_info    0x0000fabf      0xa47 src/ASF/sam0/drivers/system/pinmux/pinmux.o

.debug_abbrev   0x00000000     0x200e
 .debug_abbrev  0x00000000      0x292 BastianZPAC.o
 .debug_abbrev  0x00000292      0x22e src/ASF/sam0/drivers/sercom/sercom_interrupt.o
 .debug_abbrev  0x000004c0       0xfb src/ASF/thirdparty/freertos/freertos-8.0.1/Source/list.o
 .debug_abbrev  0x000005bb      0x184 src/ASF/thirdparty/freertos/freertos-8.0.1/Source/portable/GCC/ARM_CM0/port.o
 .debug_abbrev  0x0000073f      0x19a src/ASF/thirdparty/freertos/freertos-8.0.1/Source/portable/MemMang/heap_2.o
 .debug_abbrev  0x000008d9      0x278 src/ASF/thirdparty/freertos/freertos-8.0.1/Source/queue.o
 .debug_abbrev  0x00000b51      0x301 src/ASF/thirdparty/freertos/freertos-8.0.1/Source/tasks.o
 .debug_abbrev  0x00000e52      0x27c src/ASF/thirdparty/freertos/freertos-8.0.1/Source/timers.o
 .debug_abbrev  0x000010ce      0x213 src/ASF/sam0/utils/cmsis/samd21/source/gcc/startup_samd21.o
 .debug_abbrev  0x000012e1      0x3f6 src/ASF/sam0/drivers/system/clock/clock_samd21_r21_da/clock.o
 .debug_abbrev  0x000016d7      0x327 src/ASF/sam0/drivers/system/clock/clock_samd21_r21_da/gclk.o
 .debug_abbrev  0x000019fe       0xb9 src/ASF/sam0/drivers/system/system.o
 .debug_abbrev  0x00001ab7       0xf6 src/ASF/common/utils/interrupt/interrupt_sam_nvic.o
 .debug_abbrev  0x00001bad      0x1da src/ASF/sam0/drivers/port/port.o
 .debug_abbrev  0x00001d87      0x287 src/ASF/sam0/drivers/system/pinmux/pinmux.o

.debug_loc      0x00000000     0x5057
 .debug_loc     0x00000000      0x25a BastianZPAC.o
 .debug_loc     0x0000025a      0x170 src/ASF/sam0/drivers/sercom/sercom_interrupt.o
 .debug_loc     0x000003ca       0x85 src/ASF/thirdparty/freertos/freertos-8.0.1/Source/list.o
 .debug_loc     0x0000044f      0x113 src/ASF/thirdparty/freertos/freertos-8.0.1/Source/portable/GCC/ARM_CM0/port.o
 .debug_loc     0x00000562      0x296 src/ASF/thirdparty/freertos/freertos-8.0.1/Source/portable/MemMang/heap_2.o
 .debug_loc     0x000007f8     0x13e6 src/ASF/thirdparty/freertos/freertos-8.0.1/Source/queue.o
 .debug_loc     0x00001bde     0x1080 src/ASF/thirdparty/freertos/freertos-8.0.1/Source/tasks.o
 .debug_loc     0x00002c5e      0x9c6 src/ASF/thirdparty/freertos/freertos-8.0.1/Source/timers.o
 .debug_loc     0x00003624       0x7c src/ASF/sam0/utils/cmsis/samd21/source/gcc/startup_samd21.o
 .debug_loc     0x000036a0     0x1021 src/ASF/sam0/drivers/system/clock/clock_samd21_r21_da/clock.o
 .debug_loc     0x000046c1      0x508 src/ASF/sam0/drivers/system/clock/clock_samd21_r21_da/gclk.o
 .debug_loc     0x00004bc9       0x20 src/ASF/sam0/drivers/system/system.o
 .debug_loc     0x00004be9       0x1e src/ASF/common/utils/interrupt/interrupt_sam_nvic.o
 .debug_loc     0x00004c07      0x16d src/ASF/sam0/drivers/port/port.o
 .debug_loc     0x00004d74      0x2e3 src/ASF/sam0/drivers/system/pinmux/pinmux.o

.debug_aranges  0x00000000      0x5e0
 .debug_aranges
                0x00000000       0x38 BastianZPAC.o
 .debug_aranges
                0x00000038       0x50 src/ASF/sam0/drivers/sercom/sercom_interrupt.o
 .debug_aranges
                0x00000088       0x40 src/ASF/thirdparty/freertos/freertos-8.0.1/Source/list.o
 .debug_aranges
                0x000000c8       0x88 src/ASF/thirdparty/freertos/freertos-8.0.1/Source/portable/GCC/ARM_CM0/port.o
 .debug_aranges
                0x00000150       0x38 src/ASF/thirdparty/freertos/freertos-8.0.1/Source/portable/MemMang/heap_2.o
 .debug_aranges
                0x00000188       0xf0 src/ASF/thirdparty/freertos/freertos-8.0.1/Source/queue.o
 .debug_aranges
                0x00000278      0x130 src/ASF/thirdparty/freertos/freertos-8.0.1/Source/tasks.o
 .debug_aranges
                0x000003a8       0x68 src/ASF/thirdparty/freertos/freertos-8.0.1/Source/timers.o
 .debug_aranges
                0x00000410       0x28 src/ASF/sam0/utils/cmsis/samd21/source/gcc/startup_samd21.o
 .debug_aranges
                0x00000438       0x78 src/ASF/sam0/drivers/system/clock/clock_samd21_r21_da/clock.o
 .debug_aranges
                0x000004b0       0x80 src/ASF/sam0/drivers/system/clock/clock_samd21_r21_da/gclk.o
 .debug_aranges
                0x00000530       0x28 src/ASF/sam0/drivers/system/system.o
 .debug_aranges
                0x00000558       0x28 src/ASF/common/utils/interrupt/interrupt_sam_nvic.o
 .debug_aranges
                0x00000580       0x28 src/ASF/sam0/drivers/port/port.o
 .debug_aranges
                0x000005a8       0x38 src/ASF/sam0/drivers/system/pinmux/pinmux.o

.debug_ranges   0x00000000      0x610
 .debug_ranges  0x00000000       0x70 BastianZPAC.o
 .debug_ranges  0x00000070       0x40 src/ASF/sam0/drivers/sercom/sercom_interrupt.o
 .debug_ranges  0x000000b0       0x30 src/ASF/thirdparty/freertos/freertos-8.0.1/Source/list.o
 .debug_ranges  0x000000e0       0x78 src/ASF/thirdparty/freertos/freertos-8.0.1/Source/portable/GCC/ARM_CM0/port.o
 .debug_ranges  0x00000158       0x28 src/ASF/thirdparty/freertos/freertos-8.0.1/Source/portable/MemMang/heap_2.o
 .debug_ranges  0x00000180       0xe0 src/ASF/thirdparty/freertos/freertos-8.0.1/Source/queue.o
 .debug_ranges  0x00000260      0x1c0 src/ASF/thirdparty/freertos/freertos-8.0.1/Source/tasks.o
 .debug_ranges  0x00000420       0x90 src/ASF/thirdparty/freertos/freertos-8.0.1/Source/timers.o
 .debug_ranges  0x000004b0       0x18 src/ASF/sam0/utils/cmsis/samd21/source/gcc/startup_samd21.o
 .debug_ranges  0x000004c8       0x68 src/ASF/sam0/drivers/system/clock/clock_samd21_r21_da/clock.o
 .debug_ranges  0x00000530       0x70 src/ASF/sam0/drivers/system/clock/clock_samd21_r21_da/gclk.o
 .debug_ranges  0x000005a0       0x18 src/ASF/sam0/drivers/system/system.o
 .debug_ranges  0x000005b8       0x18 src/ASF/common/utils/interrupt/interrupt_sam_nvic.o
 .debug_ranges  0x000005d0       0x18 src/ASF/sam0/drivers/port/port.o
 .debug_ranges  0x000005e8       0x28 src/ASF/sam0/drivers/system/pinmux/pinmux.o

.debug_macro    0x00000000    0x161b0
 .debug_macro   0x00000000      0x614 BastianZPAC.o
 .debug_macro   0x00000614      0x838 BastianZPAC.o
 .debug_macro   0x00000e4c      0x166 BastianZPAC.o
 .debug_macro   0x00000fb2      0x636 BastianZPAC.o
 .debug_macro   0x000015e8       0x16 BastianZPAC.o
 .debug_macro   0x000015fe       0x44 BastianZPAC.o
 .debug_macro   0x00001642      0x209 BastianZPAC.o
 .debug_macro   0x0000184b       0x10 BastianZPAC.o
 .debug_macro   0x0000185b       0x76 BastianZPAC.o
 .debug_macro   0x000018d1       0x16 BastianZPAC.o
 .debug_macro   0x000018e7      0x6e5 BastianZPAC.o
 .debug_macro   0x00001fcc      0xde2 BastianZPAC.o
 .debug_macro   0x00002dae       0x28 BastianZPAC.o
 .debug_macro   0x00002dd6       0x40 BastianZPAC.o
 .debug_macro   0x00002e16       0x3a BastianZPAC.o
 .debug_macro   0x00002e50       0x1f BastianZPAC.o
 .debug_macro   0x00002e6f      0x250 BastianZPAC.o
 .debug_macro   0x000030bf      0x682 BastianZPAC.o
 .debug_macro   0x00003741      0x8bf BastianZPAC.o
 .debug_macro   0x00004000      0x235 BastianZPAC.o
 .debug_macro   0x00004235      0xd63 BastianZPAC.o
 .debug_macro   0x00004f98      0x4ce BastianZPAC.o
 .debug_macro   0x00005466      0x9f8 BastianZPAC.o
 .debug_macro   0x00005e5e      0x82b BastianZPAC.o
 .debug_macro   0x00006689      0x45f BastianZPAC.o
 .debug_macro   0x00006ae8       0x5e BastianZPAC.o
 .debug_macro   0x00006b46      0x906 BastianZPAC.o
 .debug_macro   0x0000744c      0x225 BastianZPAC.o
 .debug_macro   0x00007671      0x7e2 BastianZPAC.o
 .debug_macro   0x00007e53       0x5e BastianZPAC.o
 .debug_macro   0x00007eb1      0x67f BastianZPAC.o
 .debug_macro   0x00008530      0x3b6 BastianZPAC.o
 .debug_macro   0x000088e6      0xc55 BastianZPAC.o
 .debug_macro   0x0000953b     0x1092 BastianZPAC.o
 .debug_macro   0x0000a5cd      0xc4a BastianZPAC.o
 .debug_macro   0x0000b217      0x6bf BastianZPAC.o
 .debug_macro   0x0000b8d6     0x1b4b BastianZPAC.o
 .debug_macro   0x0000d421     0x144a BastianZPAC.o
 .debug_macro   0x0000e86b      0x34e BastianZPAC.o
 .debug_macro   0x0000ebb9       0x7c BastianZPAC.o
 .debug_macro   0x0000ec35       0xa0 BastianZPAC.o
 .debug_macro   0x0000ecd5       0x4c BastianZPAC.o
 .debug_macro   0x0000ed21       0xca BastianZPAC.o
 .debug_macro   0x0000edeb       0x94 BastianZPAC.o
 .debug_macro   0x0000ee7f       0x58 BastianZPAC.o
 .debug_macro   0x0000eed7      0x387 BastianZPAC.o
 .debug_macro   0x0000f25e       0x82 BastianZPAC.o
 .debug_macro   0x0000f2e0      0x197 BastianZPAC.o
 .debug_macro   0x0000f477       0xb8 BastianZPAC.o
 .debug_macro   0x0000f52f       0xa0 BastianZPAC.o
 .debug_macro   0x0000f5cf       0xbe BastianZPAC.o
 .debug_macro   0x0000f68d       0x1c BastianZPAC.o
 .debug_macro   0x0000f6a9       0x1c BastianZPAC.o
 .debug_macro   0x0000f6c5       0x1c BastianZPAC.o
 .debug_macro   0x0000f6e1       0x82 BastianZPAC.o
 .debug_macro   0x0000f763      0x161 BastianZPAC.o
 .debug_macro   0x0000f8c4       0xdc BastianZPAC.o
 .debug_macro   0x0000f9a0      0x12f BastianZPAC.o
 .debug_macro   0x0000facf      0x12f BastianZPAC.o
 .debug_macro   0x0000fbfe      0x12f BastianZPAC.o
 .debug_macro   0x0000fd2d      0x12f BastianZPAC.o
 .debug_macro   0x0000fe5c      0x11e BastianZPAC.o
 .debug_macro   0x0000ff7a       0xe2 BastianZPAC.o
 .debug_macro   0x0001005c       0xe2 BastianZPAC.o
 .debug_macro   0x0001013e       0xe2 BastianZPAC.o
 .debug_macro   0x00010220      0x133 BastianZPAC.o
 .debug_macro   0x00010353      0x106 BastianZPAC.o
 .debug_macro   0x00010459       0xfa BastianZPAC.o
 .debug_macro   0x00010553      0x40f BastianZPAC.o
 .debug_macro   0x00010962       0x40 BastianZPAC.o
 .debug_macro   0x000109a2      0x345 BastianZPAC.o
 .debug_macro   0x00010ce7      0xf7a BastianZPAC.o
 .debug_macro   0x00011c61       0x51 BastianZPAC.o
 .debug_macro   0x00011cb2       0x58 BastianZPAC.o
 .debug_macro   0x00011d0a       0x35 BastianZPAC.o
 .debug_macro   0x00011d3f       0xa2 BastianZPAC.o
 .debug_macro   0x00011de1       0x16 BastianZPAC.o
 .debug_macro   0x00011df7       0x35 BastianZPAC.o
 .debug_macro   0x00011e2c       0x10 BastianZPAC.o
 .debug_macro   0x00011e3c       0x52 BastianZPAC.o
 .debug_macro   0x00011e8e       0x16 BastianZPAC.o
 .debug_macro   0x00011ea4       0x43 BastianZPAC.o
 .debug_macro   0x00011ee7      0x180 BastianZPAC.o
 .debug_macro   0x00012067       0x10 BastianZPAC.o
 .debug_macro   0x00012077       0x22 BastianZPAC.o
 .debug_macro   0x00012099       0xbd BastianZPAC.o
 .debug_macro   0x00012156       0x16 BastianZPAC.o
 .debug_macro   0x0001216c      0x16c BastianZPAC.o
 .debug_macro   0x000122d8       0x16 BastianZPAC.o
 .debug_macro   0x000122ee       0x16 BastianZPAC.o
 .debug_macro   0x00012304       0x29 BastianZPAC.o
 .debug_macro   0x0001232d       0x51 BastianZPAC.o
 .debug_macro   0x0001237e       0x3f BastianZPAC.o
 .debug_macro   0x000123bd      0x3c3 BastianZPAC.o
 .debug_macro   0x00012780       0x40 BastianZPAC.o
 .debug_macro   0x000127c0      0x136 BastianZPAC.o
 .debug_macro   0x000128f6       0xa9 BastianZPAC.o
 .debug_macro   0x0001299f       0x12 BastianZPAC.o
 .debug_macro   0x000129b1       0x1f BastianZPAC.o
 .debug_macro   0x000129d0      0x2ab BastianZPAC.o
 .debug_macro   0x00012c7b       0x16 BastianZPAC.o
 .debug_macro   0x00012c91       0x79 BastianZPAC.o
 .debug_macro   0x00012d0a       0x43 BastianZPAC.o
 .debug_macro   0x00012d4d       0x6f BastianZPAC.o
 .debug_macro   0x00012dbc       0x91 BastianZPAC.o
 .debug_macro   0x00012e4d       0x19 BastianZPAC.o
 .debug_macro   0x00012e66       0xb0 BastianZPAC.o
 .debug_macro   0x00012f16       0x7e BastianZPAC.o
 .debug_macro   0x00012f94       0x11 BastianZPAC.o
 .debug_macro   0x00012fa5       0x11 BastianZPAC.o
 .debug_macro   0x00012fb6       0x2e BastianZPAC.o
 .debug_macro   0x00012fe4       0x7a BastianZPAC.o
 .debug_macro   0x0001305e       0x10 BastianZPAC.o
 .debug_macro   0x0001306e      0x2bb BastianZPAC.o
 .debug_macro   0x00013329       0x10 BastianZPAC.o
 .debug_macro   0x00013339       0x1f BastianZPAC.o
 .debug_macro   0x00013358       0x1c BastianZPAC.o
 .debug_macro   0x00013374       0x35 BastianZPAC.o
 .debug_macro   0x000133a9       0x22 BastianZPAC.o
 .debug_macro   0x000133cb      0x4ce src/ASF/sam0/drivers/sercom/sercom_interrupt.o
 .debug_macro   0x00013899      0x139 src/ASF/thirdparty/freertos/freertos-8.0.1/Source/list.o
 .debug_macro   0x000139d2      0x101 src/ASF/thirdparty/freertos/freertos-8.0.1/Source/portable/GCC/ARM_CM0/port.o
 .debug_macro   0x00013ad3      0x166 src/ASF/thirdparty/freertos/freertos-8.0.1/Source/portable/MemMang/heap_2.o
 .debug_macro   0x00013c39      0x1c9 src/ASF/thirdparty/freertos/freertos-8.0.1/Source/queue.o
 .debug_macro   0x00013e02      0x20c src/ASF/thirdparty/freertos/freertos-8.0.1/Source/tasks.o
 .debug_macro   0x0001400e      0x176 src/ASF/thirdparty/freertos/freertos-8.0.1/Source/timers.o
 .debug_macro   0x00014184      0x2b0 src/ASF/sam0/utils/cmsis/samd21/source/gcc/startup_samd21.o
 .debug_macro   0x00014434       0x3a src/ASF/sam0/utils/cmsis/samd21/source/gcc/startup_samd21.o
 .debug_macro   0x0001446e      0x4b5 src/ASF/sam0/drivers/system/clock/clock_samd21_r21_da/clock.o
 .debug_macro   0x00014923      0x296 src/ASF/sam0/drivers/system/clock/clock_samd21_r21_da/clock.o
 .debug_macro   0x00014bb9      0x479 src/ASF/sam0/drivers/system/clock/clock_samd21_r21_da/gclk.o
 .debug_macro   0x00015032      0x487 src/ASF/sam0/drivers/system/system.o
 .debug_macro   0x000154b9      0x443 src/ASF/common/utils/interrupt/interrupt_sam_nvic.o
 .debug_macro   0x000158fc      0x45f src/ASF/sam0/drivers/port/port.o
 .debug_macro   0x00015d5b      0x455 src/ASF/sam0/drivers/system/pinmux/pinmux.o

.debug_line     0x00000000     0x8b51
 .debug_line    0x00000000      0xf16 BastianZPAC.o
 .debug_line    0x00000f16      0xbcd src/ASF/sam0/drivers/sercom/sercom_interrupt.o
 .debug_line    0x00001ae3      0x46f src/ASF/thirdparty/freertos/freertos-8.0.1/Source/list.o
 .debug_line    0x00001f52      0x46a src/ASF/thirdparty/freertos/freertos-8.0.1/Source/portable/GCC/ARM_CM0/port.o
 .debug_line    0x000023bc      0x4b9 src/ASF/thirdparty/freertos/freertos-8.0.1/Source/portable/MemMang/heap_2.o
 .debug_line    0x00002875      0x99b src/ASF/thirdparty/freertos/freertos-8.0.1/Source/queue.o
 .debug_line    0x00003210      0xb58 src/ASF/thirdparty/freertos/freertos-8.0.1/Source/tasks.o
 .debug_line    0x00003d68      0x58d src/ASF/thirdparty/freertos/freertos-8.0.1/Source/timers.o
 .debug_line    0x000042f5      0x757 src/ASF/sam0/utils/cmsis/samd21/source/gcc/startup_samd21.o
 .debug_line    0x00004a4c      0xd24 src/ASF/sam0/drivers/system/clock/clock_samd21_r21_da/clock.o
 .debug_line    0x00005770      0xcf4 src/ASF/sam0/drivers/system/clock/clock_samd21_r21_da/gclk.o
 .debug_line    0x00006464      0xa72 src/ASF/sam0/drivers/system/system.o
 .debug_line    0x00006ed6      0x957 src/ASF/common/utils/interrupt/interrupt_sam_nvic.o
 .debug_line    0x0000782d      0x983 src/ASF/sam0/drivers/port/port.o
 .debug_line    0x000081b0      0x9a1 src/ASF/sam0/drivers/system/pinmux/pinmux.o

.debug_str      0x00000000    0x857db
 .debug_str     0x00000000    0x7e3a2 BastianZPAC.o
                              0x7e955 (size before relaxing)
 .debug_str     0x0007e3a2      0xf50 src/ASF/sam0/drivers/sercom/sercom_interrupt.o
                              0x7995e (size before relaxing)
 .debug_str     0x0007f2f2      0x170 src/ASF/thirdparty/freertos/freertos-8.0.1/Source/list.o
                               0x686b (size before relaxing)
 .debug_str     0x0007f462      0x40b src/ASF/thirdparty/freertos/freertos-8.0.1/Source/portable/GCC/ARM_CM0/port.o
                               0x5b4c (size before relaxing)
 .debug_str     0x0007f86d      0x3c7 src/ASF/thirdparty/freertos/freertos-8.0.1/Source/portable/MemMang/heap_2.o
                               0x6ea3 (size before relaxing)
 .debug_str     0x0007fc34      0x7dc src/ASF/thirdparty/freertos/freertos-8.0.1/Source/queue.o
                               0x8cca (size before relaxing)
 .debug_str     0x00080410      0xcac src/ASF/thirdparty/freertos/freertos-8.0.1/Source/tasks.o
                               0x907e (size before relaxing)
 .debug_str     0x000810bc      0x3de src/ASF/thirdparty/freertos/freertos-8.0.1/Source/timers.o
                               0x81de (size before relaxing)
 .debug_str     0x0008149a     0x100d src/ASF/sam0/utils/cmsis/samd21/source/gcc/startup_samd21.o
                              0x662c7 (size before relaxing)
 .debug_str     0x000824a7     0x2cce src/ASF/sam0/drivers/system/clock/clock_samd21_r21_da/clock.o
                              0x7b7ca (size before relaxing)
 .debug_str     0x00085175      0x2ef src/ASF/sam0/drivers/system/clock/clock_samd21_r21_da/gclk.o
                              0x79301 (size before relaxing)
 .debug_str     0x00085464       0x47 src/ASF/sam0/drivers/system/system.o
                              0x78707 (size before relaxing)
 .debug_str     0x000854ab       0x9b src/ASF/common/utils/interrupt/interrupt_sam_nvic.o
                              0x78682 (size before relaxing)
 .debug_str     0x00085546      0x165 src/ASF/sam0/drivers/port/port.o
                              0x78a37 (size before relaxing)
 .debug_str     0x000856ab      0x130 src/ASF/sam0/drivers/system/pinmux/pinmux.o
                              0x78a79 (size before relaxing)

.debug_frame    0x00000000     0x1028
 .debug_frame   0x00000000       0x84 BastianZPAC.o
 .debug_frame   0x00000084       0xb8 src/ASF/sam0/drivers/sercom/sercom_interrupt.o
 .debug_frame   0x0000013c       0x6c src/ASF/thirdparty/freertos/freertos-8.0.1/Source/list.o
 .debug_frame   0x000001a8      0x108 src/ASF/thirdparty/freertos/freertos-8.0.1/Source/portable/GCC/ARM_CM0/port.o
 .debug_frame   0x000002b0       0x68 src/ASF/thirdparty/freertos/freertos-8.0.1/Source/portable/MemMang/heap_2.o
 .debug_frame   0x00000318      0x2f8 src/ASF/thirdparty/freertos/freertos-8.0.1/Source/queue.o
 .debug_frame   0x00000610      0x388 src/ASF/thirdparty/freertos/freertos-8.0.1/Source/tasks.o
 .debug_frame   0x00000998      0x130 src/ASF/thirdparty/freertos/freertos-8.0.1/Source/timers.o
 .debug_frame   0x00000ac8       0x3c src/ASF/sam0/utils/cmsis/samd21/source/gcc/startup_samd21.o
 .debug_frame   0x00000b04      0x154 src/ASF/sam0/drivers/system/clock/clock_samd21_r21_da/clock.o
 .debug_frame   0x00000c58      0x14c src/ASF/sam0/drivers/system/clock/clock_samd21_r21_da/gclk.o
 .debug_frame   0x00000da4       0x38 src/ASF/sam0/drivers/system/system.o
 .debug_frame   0x00000ddc       0x30 src/ASF/common/utils/interrupt/interrupt_sam_nvic.o
 .debug_frame   0x00000e0c       0x44 src/ASF/sam0/drivers/port/port.o
 .debug_frame   0x00000e50       0x7c src/ASF/sam0/drivers/system/pinmux/pinmux.o
 .debug_frame   0x00000ecc       0x20 c:/program files (x86)/atmel/atmel toolchain/arm gcc/native/4.8.1443/arm-gnu-toolchain/bin/../lib/gcc/arm-none-eabi/4.8.4/armv6-m\libgcc.a(_udivsi3.o)
 .debug_frame   0x00000eec       0x2c c:/program files (x86)/atmel/atmel toolchain/arm gcc/native/4.8.1443/arm-gnu-toolchain/bin/../lib/gcc/arm-none-eabi/4.8.4/../../../../arm-none-eabi/lib/armv6-m\libc.a(lib_a-init.o)
 .debug_frame   0x00000f18       0x30 c:/program files (x86)/atmel/atmel toolchain/arm gcc/native/4.8.1443/arm-gnu-toolchain/bin/../lib/gcc/arm-none-eabi/4.8.4/../../../../arm-none-eabi/lib/armv6-m\libc.a(lib_a-memcpy-stub.o)
 .debug_frame   0x00000f48       0x54 c:/program files (x86)/atmel/atmel toolchain/arm gcc/native/4.8.1443/arm-gnu-toolchain/bin/../lib/gcc/arm-none-eabi/4.8.4/../../../../arm-none-eabi/lib/armv6-m\libc.a(lib_a-__call_atexit.o)
 .debug_frame   0x00000f9c       0x28 c:/program files (x86)/atmel/atmel toolchain/arm gcc/native/4.8.1443/arm-gnu-toolchain/bin/../lib/gcc/arm-none-eabi/4.8.4/../../../../arm-none-eabi/lib/armv6-m\libc.a(lib_a-atexit.o)
 .debug_frame   0x00000fc4       0x2c c:/program files (x86)/atmel/atmel toolchain/arm gcc/native/4.8.1443/arm-gnu-toolchain/bin/../lib/gcc/arm-none-eabi/4.8.4/../../../../arm-none-eabi/lib/armv6-m\libc.a(lib_a-fini.o)
 .debug_frame   0x00000ff0       0x38 c:/program files (x86)/atmel/atmel toolchain/arm gcc/native/4.8.1443/arm-gnu-toolchain/bin/../lib/gcc/arm-none-eabi/4.8.4/../../../../arm-none-eabi/lib/armv6-m\libc.a(lib_a-__atexit.o)
